
Memory Configuration

Name             Origin             Length             Attributes
public_ram       0x0000000070010000 0x0000000000001000
public_stack     0x0000000070020000 0x0000000000001000
*default*        0x0000000000000000 0xffffffffffffffff

Linker script and memory map

LOAD startup.o
                0x0000000070010000                _PUBLIC_RAM_INIT = 0x70010000
                0x0000000070020000                _PUBLIC_STACK_INIT = 0x70020000
                0x0000000070010000                . = _PUBLIC_RAM_INIT

.text           0x0000000070010000        0xc
 *(.text*)
 .text          0x0000000070010000        0xc startup.o
                0x0000000070010000                _start

.glue_7         0x000000007001000c        0x0
 .glue_7        0x000000007001000c        0x0 linker stubs

.glue_7t        0x000000007001000c        0x0
 .glue_7t       0x000000007001000c        0x0 linker stubs

.vfp11_veneer   0x000000007001000c        0x0
 .vfp11_veneer  0x000000007001000c        0x0 linker stubs

.v4_bx          0x000000007001000c        0x0
 .v4_bx         0x000000007001000c        0x0 linker stubs

.iplt           0x000000007001000c        0x0
 .iplt          0x000000007001000c        0x0 startup.o

.rel.dyn        0x000000007001000c        0x0
 .rel.iplt      0x000000007001000c        0x0 startup.o

.data           0x000000007001000c        0x0
 *(.data*)
 .data          0x000000007001000c        0x0 startup.o

.igot.plt       0x000000007001000c        0x0
 .igot.plt      0x000000007001000c        0x0 startup.o

.bss            0x000000007001000c        0x0
                0x000000007001000c                . = ALIGN (0x4)
                0x000000007001000c                __bss_start__ = .
 *(.bss*)
 .bss           0x000000007001000c        0x0 startup.o
                0x000000007001000c                __bss_end__ = .
OUTPUT(first_test.elf elf32-littlearm)

.ARM.attributes
                0x0000000000000000       0x14
 .ARM.attributes
                0x0000000000000000       0x14 startup.o

.debug_line     0x0000000000000000       0x38
 .debug_line    0x0000000000000000       0x38 startup.o

.debug_info     0x0000000000000000       0x76
 .debug_info    0x0000000000000000       0x76 startup.o

.debug_abbrev   0x0000000000000000       0x14
 .debug_abbrev  0x0000000000000000       0x14 startup.o

.debug_aranges  0x0000000000000000       0x20
 .debug_aranges
                0x0000000000000000       0x20 startup.o
