ARM GAS  src/_startup.s 			page 1


   1              	// _start_memcpy.s
   2              	
   3              	/* Symbols de direcciones definidas externamente en otro archivo o en linker_script */
   4              	.extern	__VECTOR_TABLE_BASE
   5              	.extern	__PUBLIC_ROM_INIT
   6              	.extern	__PUBLIC_STACK_INIT
   7              	.extern	__PUBLIC_RAM_INIT
   8              	@ .extern	__KERNEL_START_VMA
   9              	
  10              	.extern	__VECTOR_TABLE_START_VMA
  11              	.extern	__VECTOR_TABLE_START_LMA
  12              	.extern	__VECTOR_TABLE_SIZE
  13              	
  14              	.extern	__RESET_START_VMA
  15              	.extern	__RESET_START_LMA
  16              	.extern	__RESET_SIZE
  17              	
  18              	.extern	__KERNEL_START_VMA
  19              	.extern	__KERNEL_START_LMA
  20              	.extern	__KERNEL_SIZE
  21              	
  22              	.extern	__HANDLERS_START_VMA
  23              	.extern	__HANDLERS_END_VMA
  24              	
  25              	.extern	__SYS_STACK_START
  26              	.extern	__SYS_STACK_SIZE
  27              	.extern	__SYS_STACK_END
  28              	
  29              	.extern	__IRQ_STACK_START
  30              	.extern	__IRQ_STACK_SIZE
  31              	.extern	__IRQ_STACK_END
  32              	
  33              	.extern	__FIQ_STACK_START
  34              	.extern	__FIQ_STACK_SIZE
  35              	.extern	__FIQ_STACK_END
  36              	
  37              	.extern	__SVC_STACK_START
  38              	.extern	__SVC_STACK_SIZE
  39              	.extern	__SVC_STACK_END
  40              	
  41              	.extern	__ABT_STACK_START
  42              	.extern	__ABT_STACK_SIZE
  43              	.extern	__ABT_STACK_END
  44              	
  45              	.extern	__UND_STACK_START
  46              	.extern	__UND_STACK_SIZE
  47              	.extern	__UND_STACK_END
  48              	
  49              	.extern	__GAP_SIZE
  50              	
  51              	.extern __MEMCPY_START_VMA
  52              	.extern __MEMCPY_END_VMA
  53              	
  54              	.extern	__bss_start__
  55              	.extern	__bss_end__
  56              	.extern clear_bytes
  57              	
ARM GAS  src/_startup.s 			page 2


  58              	/* Explicitamos simbolos globales para que puedan ser vistos por otros archivos y por el mapa de me
  59              	.global _start
  60              	
  61              	
  62              	/*-------------------------------------------------------------------------------------------------
  63              	
  64              	.section ._startup, "ax"            
  65              	
  66              	_start:
  67              	        @ entry point, es la forma comun de indicar por donde arranca y/o resetea el microprocesado
  68              	
  69              	/*---  aca estamos copiando el vector_table a 0x00.. ya que vimos que qemu no lo estaba haciendo */
  70 0000 48009FE5 		LDR r0, =__VECTOR_TABLE_START_LMA	@ _dir_inicio_data_copiar
  71 0004 48109FE5 		LDR r1, =__VECTOR_TABLE_START_VMA	@ _dir_inicio_data_pegar
  72 0008 48209FE5 		LDR	r2, =__VECTOR_TABLE_SIZE		@ _largo_data_copiar ; inicio + largo = _final_data_copiar
  73 000c 090000EB 		BL	memcpy_rom
  74              	
  75              	/*---  aca estamos copiando el programa entero a la zona donde trabajara desde SRAM */
  76 0010 44009FE5 		LDR r0, =__RESET_START_LMA		@ _dir_inicio_data_copiar
  77 0014 44109FE5 		LDR r1, =__RESET_START_VMA		@ _dir_inicio_data_pegar
  78 0018 44209FE5 		LDR	r2, =__RESET_SIZE		@ _largo_data_copiar ; inicio + largo = _final_data_copiar
  79 001c 050000EB 		BL	memcpy_rom
  80              	        
  81              	/*---  aca estamos copiando el programa entero a la zona donde trabajara desde DRAM */
  82 0020 40009FE5 		LDR r0, =__KERNEL_START_LMA		@ _dir_inicio_data_copiar
  83 0024 40109FE5 		LDR r1, =__KERNEL_START_VMA		@ _dir_inicio_data_pegar
  84 0028 40209FE5 		LDR	r2, =__KERNEL_SIZE		@ _largo_data_copiar ; inicio + largo = _final_data_copiar
  85 002c 010000EB 		BL	memcpy_rom
  86              	
  87              	
  88              		// SETEAMOS EL LR Y PC para empezar a correr desde la zona de memoria RAM, antes de inicializar lo
  89 0030 28E09FE5 		LDR lr,  =__RESET_START_VMA
  90 0034 24F09FE5 		LDR pc,  =__RESET_START_VMA
  91              	
  92              	
  93              	memcpy_rom:
  94              								    @ tenemos que tener previamente los punteros _inicio_data_copiar en r0, y _inicio_data_p
  95              								    @ asi el bloque de codigo en r0 = _inicio_data_copiar, se copiara en r1 = _inicio_data_p
  96 0038 002082E0 		ADD r2, r2, r0 			    @  r2 = _largo_data_copiar + _inicio_data_copiar
  97              		fast_copy:
  98 003c F807B0E8 			LDMIA	r0!, {r3 - r10}	@ load memory increment after. carga lo que hay desde r0 inclusive a r3 , l
  99              									@ hasta cargar en r10, = desde la pos r0 cargar 8*4bytes, o sea lo que esta en r0 y los sig
 100 0040 F807A1E8 			STMIA	r1!, {r3 - r10}	@ store memory increment after, al final de todo en r0 quedo el ultimo valo
 101 0044 020050E1 			CMP	r0, r2 				@ compara la ultima direccion de copia que quedo en r0, contra el contenido de r2 
 102 0048 FBFFFFDA 			BLE	fast_copy
 103 004c 0EF0A0E1 		MOV	pc, lr                  @ volvemos al branch with link BL que lo llamo
 103      00000000 
 103      00000000 
 103      00000000 
 103      00000000 
ARM GAS  src/_startup.s 			page 3


DEFINED SYMBOLS
      src/_startup.s:66     ._startup:0000000000000000 _start
      src/_startup.s:70     ._startup:0000000000000000 $a
      src/_startup.s:93     ._startup:0000000000000038 memcpy_rom
      src/_startup.s:97     ._startup:000000000000003c fast_copy
      src/_startup.s:103    ._startup:0000000000000050 $d

UNDEFINED SYMBOLS
__VECTOR_TABLE_START_LMA
__VECTOR_TABLE_START_VMA
__VECTOR_TABLE_SIZE
__RESET_START_LMA
__RESET_START_VMA
__RESET_SIZE
__KERNEL_START_LMA
__KERNEL_START_VMA
__KERNEL_SIZE
