
Memory Configuration

Name             Origin             Length             Attributes
public_ram       0x0000000070010000 0x0000000000001000
public_stack     0x0000000070020000 0x0000000000001000
*default*        0x0000000000000000 0xffffffffffffffff

Linker script and memory map

LOAD memcpy_bytes.o
                0x0000000070010000                _PUBLIC_RAM_INIT = 0x70010000
                0x0000000070020000                _PUBLIC_STACK_INIT = 0x70020000
                0x0000000070010000                . = _PUBLIC_RAM_INIT

.text           0x0000000070010000       0x48
 *(.text*)
 .text          0x0000000070010000       0x48 memcpy_bytes.o
                0x0000000070010000                _start

.glue_7         0x0000000070010048        0x0
 .glue_7        0x0000000070010048        0x0 linker stubs

.glue_7t        0x0000000070010048        0x0
 .glue_7t       0x0000000070010048        0x0 linker stubs

.vfp11_veneer   0x0000000070010048        0x0
 .vfp11_veneer  0x0000000070010048        0x0 linker stubs

.v4_bx          0x0000000070010048        0x0
 .v4_bx         0x0000000070010048        0x0 linker stubs

.iplt           0x0000000070010048        0x0
 .iplt          0x0000000070010048        0x0 memcpy_bytes.o

.rel.dyn        0x0000000070010048        0x0
 .rel.iplt      0x0000000070010048        0x0 memcpy_bytes.o

.data           0x0000000070010048        0x0
 *(.data*)
 .data          0x0000000070010048        0x0 memcpy_bytes.o

.igot.plt       0x0000000070010048        0x0
 .igot.plt      0x0000000070010048        0x0 memcpy_bytes.o

.bss            0x0000000070010048        0x4
                0x0000000070010048                . = ALIGN (0x4)
                0x0000000070010048                __bss_start__ = .
 *(.bss*)
 .bss           0x0000000070010048        0x4 memcpy_bytes.o
                0x000000007001004c                __bss_end__ = .
OUTPUT(memcpy_bytes.elf elf32-littlearm)

.ARM.attributes
                0x0000000000000000       0x16
 .ARM.attributes
                0x0000000000000000       0x16 memcpy_bytes.o

.debug_line     0x0000000000000000       0x4e
 .debug_line    0x0000000000000000       0x4e memcpy_bytes.o

.debug_info     0x0000000000000000       0x77
 .debug_info    0x0000000000000000       0x77 memcpy_bytes.o

.debug_abbrev   0x0000000000000000       0x14
 .debug_abbrev  0x0000000000000000       0x14 memcpy_bytes.o

.debug_aranges  0x0000000000000000       0x20
 .debug_aranges
                0x0000000000000000       0x20 memcpy_bytes.o
