
Memory Configuration

Name             Origin             Length             Attributes
public_rom       0x0000000000000000 0x0000000000001000
public_ram       0x0000000070010000 0x0000000000001000
public_stack     0x0000000070020000 0x0000000000004000
microKernel_vma  0x0000000070030000 0x0000000000001000
*default*        0x0000000000000000 0xffffffffffffffff

Linker script and memory map

                0x0000000000000000                _PUBLIC_ROM_INIT = 0x0
                0x0000000070010000                _PUBLIC_RAM_INIT = 0x70010000
                0x0000000070020000                _PUBLIC_STACK_INIT = 0x70020000
                0x0000000070030000                __KERNEL_START_VMA = 0x70030000
                0x0000000000004000                __PILA_SIZE = 0x4000
                0x0000000000000004                __BSS_SIZE = 0x4
                0x0000000070010000                . = _PUBLIC_RAM_INIT

.memcpy_out     0x0000000070010000       0x3c
 *(.memcpy_asm)
 .memcpy_asm    0x0000000070010000       0x3c obj/memcpy_bytes.o
                0x0000000070010000                _start

.kernel_out     0x0000000070030000       0x14 load address 0x000000007001003c
 *(.kernel*)
 .kernel        0x0000000070030000       0x14 obj/memcpy_bytes.o
                0x0000000000000014                __KERNEL_SIZE = SIZEOF (.kernel_out)
                0x000000007001003c                __KERNEL_START_LMA = LOADADDR (.kernel_out)

.glue_7         0x0000000070030014        0x0 load address 0x0000000070010050
 .glue_7        0x0000000070030014        0x0 linker stubs

.glue_7t        0x0000000070030014        0x0 load address 0x0000000070010050
 .glue_7t       0x0000000070030014        0x0 linker stubs

.vfp11_veneer   0x0000000070030014        0x0 load address 0x0000000070010050
 .vfp11_veneer  0x0000000070030014        0x0 linker stubs

.v4_bx          0x0000000070030014        0x0 load address 0x0000000070010050
 .v4_bx         0x0000000070030014        0x0 linker stubs

.text           0x0000000070030014        0x0 load address 0x0000000070010050
 .text          0x0000000070030014        0x0 obj/memcpy_bytes.o

.iplt           0x0000000070030014        0x0 load address 0x0000000070010050
 .iplt          0x0000000070030014        0x0 obj/memcpy_bytes.o

.rel.dyn        0x0000000070030014        0x0 load address 0x0000000070010050
 .rel.iplt      0x0000000070030014        0x0 obj/memcpy_bytes.o

.data           0x0000000070010050        0x0
 *(.data*)
 .data          0x0000000070010050        0x0 obj/memcpy_bytes.o

.igot.plt       0x0000000070010050        0x0
 .igot.plt      0x0000000070010050        0x0 obj/memcpy_bytes.o

.bss            0x0000000070010050        0x0
                0x0000000070010050                . = ALIGN (0x4)
                0x0000000070010050                __bss_start__ = .
 *(.bss*)
 .bss           0x0000000070010050        0x0 obj/memcpy_bytes.o
                0x0000000070010050                __bss_end__ = .

.pila_out       0x0000000070020000        0x0
                0x0000000070020000                . = ALIGN (0x4)
                0x0000000070020000                __PILA_START = .
 *(.pila*)
 .pila          0x0000000070020000        0x0 obj/memcpy_bytes.o
                0x0000000070020000                __PILA_END = .
LOAD obj/memcpy_bytes.o
OUTPUT(bin/app.elf elf32-littlearm)

.ARM.attributes
                0x0000000000000000       0x16
 .ARM.attributes
                0x0000000000000000       0x16 obj/memcpy_bytes.o

.debug_line     0x0000000000000000       0x65
 .debug_line    0x0000000000000000       0x65 obj/memcpy_bytes.o

.debug_info     0x0000000000000000       0x7d
 .debug_info    0x0000000000000000       0x7d obj/memcpy_bytes.o

.debug_abbrev   0x0000000000000000       0x12
 .debug_abbrev  0x0000000000000000       0x12 obj/memcpy_bytes.o

.debug_aranges  0x0000000000000000       0x28
 .debug_aranges
                0x0000000000000000       0x28 obj/memcpy_bytes.o

.debug_ranges   0x0000000000000000       0x20
 .debug_ranges  0x0000000000000000       0x20 obj/memcpy_bytes.o
